================================================================================
?朵 ?? FHIR - 蝪∪????葫閰?================================================================================

??撌脰??? 3 雿??
?? R01: ??撠梯那 - 頛漲朣脤??餅???--------------------------------------------------------------------------------
???∟郎??
?? R02: ??撠梯那 - 頛漲/銝剖漲朣脤??餅蝞⊥祥??--------------------------------------------------------------------------------
? WARNING 撠梯那: P002-ENC02 | ??: #36
   閮箸: 頛漲朣脤? | ?蔭: ?寧恣瘝餌?
   ??  ?桀?閮箸?箄?摨?銝剖漲朣脤?嚗遣霅啗??餌?擃??撠?霈那?瑚誑?舀??寧恣瘝餌?


?? R03: ??撠梯那 - ?蔭?那?瑞???銝??--------------------------------------------------------------------------------
???∟郎??
?? R04: 甇瑕撽? - 撌脫??斤????◤?蔭
--------------------------------------------------------------------------------
???∟郎??
?? R05: 甇瑕撽? - 璊?雿蔭?蝞⊥祥??--------------------------------------------------------------------------------
???∟郎??
?? R06: ??撠梯那 - ??蝵桐??∠?那??--------------------------------------------------------------------------------
? INFO 撠梯那: P005-ENC02
   ??: 16
   ? ??蝵株????∠??閮箸嚗遣霅啗??那?瑁???
? INFO 撠梯那: P006-ENC06
   ??: 21
   ? ??蝵株????∠??閮箸嚗遣霅啗??那?瑁???

?? R07: 頝券???閮??蝞∠洵銝甈∠?蝔?--------------------------------------------------------------------------------
? ALERT ??: #36
   擐活閮?: Organization/ORG-A (2025-08-10T14:30:00Z)
   敺?閮?: Organization/ORG-B (2025-10-20T15:20:00Z)
   ??  敺??Ｘ?閮??蝞∠洵銝甈∠?蝔?雿???撌脫 2025-08-10 ??蝚砌?甈∠?蝔????蝥??蝞∪?憛?

?? R08: 璊????餉那?瑞???--------------------------------------------------------------------------------
???∟郎??
================================================================================
?? 皜祈岫蝯?敶蜇
================================================================================
R01 (頛漲朣脤??餅???:        0 ?郎??R02 (頛漲朣脤??餅蝞⊥祥??:    1 ?郎??R03 (?蔭???∪??那??:    0 ?郎??R04 (撌脫?????蝵?:        0 ?郎??R05 (璊?雿??寧恣瘝餌?):      0 ?郎??R06 (??蝵桃閮箸):          2 ??蝷?R07 (頝券????寧恣蝚砌?甈?:  1 ?郎??R08 (璊???閮箸???:      0 ?郎??--------------------------------------------------------------------------------
蝮質?: 4 ?郎???內
================================================================================
